I'm sorry, but errors were detected in your script. Please correct the
errors listed below, and try again.


File "game/options.rpy", line 174: unexpected indent
        build.classify('game/battle_image/**.png', 'archive')
        ^
    

Ren'Py Version: Ren'Py 7.4.2.1292
Mon Feb 15 08:59:45 2021
